// Jest Snapshot v1, https://goo.gl/fbAQLP

exports[`Header test should render correctly 1`] = `
<Fragment>
  <Card
    className="product-card"
  >
    <RippledComponent
      className=""
      disabled={false}
      onBlur={[Function]}
      onFocus={[Function]}
      onKeyDown={[Function]}
      onKeyUp={[Function]}
      onMouseDown={[Function]}
      onMouseUp={[Function]}
      onTouchEnd={[Function]}
      onTouchStart={[Function]}
      style={Object {}}
      unbounded={false}
    >
      <Media
        alt="Arc d'Triomphe"
        className="product-card__media"
        imageUrl="arc-d-triomphe.gif"
        square={true}
      />
    </RippledComponent>
    <div
      className="product-card__primary"
    >
      <Typography
        className="product-card__title"
      >
        Arc d'Triomphe
      </Typography>
    </div>
    <Typography
      className="product-card__body"
    >
      This beautiful and iconic T-shirt will no doubt lead you to your own triumph.
    </Typography>
    <Actions>
      <ActionButtons>
        <Component
          className="product-card__button"
          initRipple={[Function]}
        >
          <MaterialIcon
            className="product-card__icon"
            hasRipple={false}
            icon="add_shopping_cart"
            unbounded={false}
          />
          <span
            className="mdc-button__label"
          >
            Add to cart
          </span>
        </Component>
      </ActionButtons>
    </Actions>
  </Card>
</Fragment>
`;
