// Jest Snapshot v1, https://goo.gl/fbAQLP

exports[`Header test should render correctly 1`] = `
<Fragment>
  <TopAppBar
    actionItems={
      Array [
        <MaterialIcon
          className=""
          hasRipple={false}
          icon="search"
          unbounded={false}
        />,
        <MaterialIcon
          className=""
          hasRipple={false}
          icon="shopping_basket"
          unbounded={false}
        />,
      ]
    }
    className="top-app-bar"
    dense={false}
    fixed={false}
    navigationIcon={
      <MaterialIcon
        className=""
        hasRipple={false}
        icon="menu"
        onClick={[Function]}
        unbounded={false}
      />
    }
    prominent={false}
    short={false}
    shortCollapsed={false}
    style={Object {}}
    tag="header"
    title="SHOPMATE"
  />
</Fragment>
`;
